// Vitest Snapshot v1, https://vitest.dev/guide/snapshot.html

exports[`RenderNode - Reactive Capabilities > Conditional Rendering Reactivity > should reactively show/hide based on #if condition 1`] = `
{
  "totalRenderNodes": 1,
}
`;

exports[`RenderNode - Reactive Capabilities > Conditional Rendering Reactivity > should reactively update with function-based #if condition 1`] = `
{
  "totalRenderNodes": 1,
}
`;

exports[`RenderNode - Reactive Capabilities > Error Handling in Reactive Context > should handle errors in reactive updates gracefully 1`] = `
{
  "totalRenderNodes": 1,
}
`;

exports[`RenderNode - Reactive Capabilities > Error Handling in Reactive Context > should recover from errors when component is fixed 1`] = `
{
  "totalRenderNodes": 1,
}
`;

exports[`RenderNode - Reactive Capabilities > Performance and Optimization > should handle rapid updates efficiently 1`] = `
{
  "totalRenderNodes": 1,
}
`;

exports[`RenderNode - Reactive Capabilities > Performance and Optimization > should only re-render affected components 1`] = `
{
  "totalRenderNodes": 3,
}
`;

exports[`RenderNode - Reactive Capabilities > Reactive Children Updates > should reactively update nested children 1`] = `
{
  "totalRenderNodes": 3,
}
`;

exports[`RenderNode - Reactive Capabilities > Reactive Children Updates > should reactively update when children are added 1`] = `
{
  "totalRenderNodes": 2,
}
`;

exports[`RenderNode - Reactive Capabilities > Reactive Children Updates > should reactively update when children are removed 1`] = `
{
  "totalRenderNodes": 3,
}
`;

exports[`RenderNode - Reactive Capabilities > Reactive Property Updates > should reactively update component type 1`] = `
{
  "totalRenderNodes": 1,
}
`;

exports[`RenderNode - Reactive Capabilities > Reactive Property Updates > should reactively update custom component props 1`] = `
{
  "totalRenderNodes": 1,
}
`;

exports[`RenderNode - Reactive Capabilities > Reactive Property Updates > should reactively update when EficyNode properties change 1`] = `
{
  "totalRenderNodes": 1,
}
`;
